// Jest Snapshot v1, https://goo.gl/fbAQLP

exports[`Spinner tests snapshot 1`] = `ShallowWrapper {}`;
