// Jest Snapshot v1, https://goo.gl/fbAQLP

exports[`Preview tests snapshot test 1`] = `ReactWrapper {}`;
