// Jest Snapshot v1, https://goo.gl/fbAQLP

exports[`Elements tests snapshot test 1`] = `ReactWrapper {}`;
