// Jest Snapshot v1, https://goo.gl/fbAQLP

exports[`array-of-number tests snapshot test 1`] = `ReactWrapper {}`;
