// Jest Snapshot v1, https://goo.gl/fbAQLP

exports[`Description tests snapshot test 1`] = `ReactWrapper {}`;
