// Jest Snapshot v1, https://goo.gl/fbAQLP

exports[`ColumnNumbers tests snapshot test 1`] = `ShallowWrapper {}`;
