// Jest Snapshot v1, https://goo.gl/fbAQLP

exports[`Table tests snapshot test 1`] = `ReactWrapper {}`;
