// Jest Snapshot v1, https://goo.gl/fbAQLP

exports[`App tests snapshot test 1`] = `[Function]`;
